Downloading https://services.gradle.org/distributions/gradle-9.3.0-bin.zip
.............10%.............20%.............30%.............40%.............50%.............60%.............70%.............80%.............90%.............100%

Welcome to Gradle 9.3.0!

Here are the highlights of this release:
 - Test reporting improvements
 - Error and warning improvements
 - Build authoring improvements

For more details see https://docs.gradle.org/9.3.0/release-notes.html

To honour the JVM settings for this build a single-use Daemon process will be forked. For more on this, please refer to https://docs.gradle.org/9.3.0/userguide/gradle_daemon.html#sec:disabling_the_daemon in the Gradle documentation.
Daemon will be stopped at the end of the build 
> Task :app:preBuild UP-TO-DATE
> Task :app:preDebugBuild UP-TO-DATE
> Task :app:mergeDebugNativeDebugMetadata NO-SOURCE
> Task :app:checkKotlinGradlePluginConfigurationErrors SKIPPED
> Task :app:processDebugNavigationResources
> Task :app:checkDebugAarMetadata
> Task :app:generateDebugResValues
> Task :app:compileDebugNavigationResources
> Task :app:injectCrashlyticsMappingFileIdDebug
> Task :app:injectCrashlyticsVersionControlInfoDebug
> Task :app:processDebugGoogleServices
> Task :app:mapDebugSourceSetPaths
> Task :app:generateDebugResources
> Task :app:packageDebugResources
> Task :app:mergeDebugResources
> Task :app:createDebugCompatibleScreenManifests
> Task :app:extractDeepLinksDebug
> Task :app:parseDebugLocalResources
> Task :app:processDebugMainManifest
> Task :app:processDebugManifest
> Task :app:processDebugManifestForPackage
> Task :app:javaPreCompileDebug
> Task :app:mergeDebugShaders
> Task :app:compileDebugShaders NO-SOURCE
> Task :app:generateDebugAssets UP-TO-DATE
> Task :app:mergeDebugAssets
> Task :app:desugarDebugFileDependencies
> Task :app:compressDebugAssets
> Task :app:processDebugResources
> Task :app:checkDebugDuplicateClasses
> Task :app:compileDebugKotlin
> Task :app:mergeExtDexDebug

> Task :app:compileDebugKotlin FAILED
e: file:///home/runner/work/CameraGuardFix/CameraGuardFix/app/src/main/java/com/boss/cameraguard/data/OfflineMapRepository.kt:98:45 Class '<anonymous>' is not abstract and does not implement abstract member:
fun onList(offlineRegions: Array<OfflineRegion>?): Unit
e: file:///home/runner/work/CameraGuardFix/CameraGuardFix/app/src/main/java/com/boss/cameraguard/data/OfflineMapRepository.kt:99:13 'onList' overrides nothing. Potential signatures for overriding:
fun onList(offlineRegions: Array<OfflineRegion>?): Unit
e: file:///home/runner/work/CameraGuardFix/CameraGuardFix/app/src/main/java/com/boss/cameraguard/data/OfflineMapRepository.kt:104:38 Class '<anonymous>' is not abstract and does not implement abstract members:
fun onStatus(status: OfflineRegionStatus?): Unit
fun onError(error: String?): Unit
e: file:///home/runner/work/CameraGuardFix/CameraGuardFix/app/src/main/java/com/boss/cameraguard/data/OfflineMapRepository.kt:105:25 'onStatus' overrides nothing. Potential signatures for overriding:
fun onStatus(status: OfflineRegionStatus?): Unit
e: file:///home/runner/work/CameraGuardFix/CameraGuardFix/app/src/main/java/com/boss/cameraguard/data/OfflineMapRepository.kt:120:25 'onError' overrides nothing. Potential signatures for overriding:
fun onError(error: String?): Unit
e: file:///home/runner/work/CameraGuardFix/CameraGuardFix/app/src/main/java/com/boss/cameraguard/data/OfflineMapRepository.kt:132:45 Class '<anonymous>' is not abstract and does not implement abstract member:
fun onList(offlineRegions: Array<OfflineRegion>?): Unit
e: file:///home/runner/work/CameraGuardFix/CameraGuardFix/app/src/main/java/com/boss/cameraguard/data/OfflineMapRepository.kt:133:13 'onList' overrides nothing. Potential signatures for overriding:
fun onList(offlineRegions: Array<OfflineRegion>?): Unit

[Incubating] Problems report is available at: file:///home/runner/work/CameraGuardFix/CameraGuardFix/build/reports/problems/problems-report.html

FAILURE: Build failed with an exception.

* What went wrong:
Execution failed for task ':app:compileDebugKotlin'.
> A failure occurred while executing org.jetbrains.kotlin.compilerRunner.GradleCompilerRunnerWithWorkers$GradleKotlinCompilerWorkAction
   > Compilation error. See log for more details

* Try:
> Run with --stacktrace option to get the stack trace.
> Run with --info or --debug option to get more log output.
> Run with --scan to get full insights from a Build Scan (powered by Develocity).
> Get more help at https://help.gradle.org.

Deprecated Gradle features were used in this build, making it incompatible with Gradle 10.

You can use '--warning-mode all' to show the individual deprecation warnings and determine if they come from your own scripts or plugins.

For more on this, please refer to https://docs.gradle.org/9.3.0/userguide/command_line_interface.html#sec:command_line_warnings in the Gradle documentation.

BUILD FAILED in 3m 32s
26 actionable tasks: 26 executed
